============================= test session starts ==============================
platform linux -- Python 3.14.4, pytest-9.0.3, pluggy-1.6.0 -- /run/media/michel/DATA/Informatique/EveryCli/.env/bin/python
cachedir: .pytest_cache
rootdir: /run/media/michel/DATA/Informatique/EveryCli
configfile: pyproject.toml
plugins: anyio-4.13.0
collecting ... collected 7 items

tests/test_semantic_matches.py::TestSemanticMatcher::test_match_returns_empty_before_fit PASSED [ 14%]
tests/test_semantic_matches.py::TestSemanticMatcher::test_fit_with_empty_list_does_not_crash PASSED [ 28%]
tests/test_semantic_matches.py::TestSemanticMatcher::test_match_returns_results_after_fit PASSED [ 42%]
tests/test_semantic_matches.py::TestSemanticMatcher::test_scores_are_between_0_and_1 FAILED [ 57%]
tests/test_semantic_matches.py::TestSemanticMatcher::test_top_k_limits_results FAILED [ 71%]
tests/test_semantic_matches.py::TestSemanticMatcher::test_semantic_understanding_stash FAILED [ 85%]
tests/test_semantic_matches.py::TestSemanticMatcher::test_semantic_understanding_reset FAILED [100%]

=================================== FAILURES ===================================
_____________ TestSemanticMatcher.test_scores_are_between_0_and_1 ______________

self = <tests.test_semantic_matches.TestSemanticMatcher object at 0x7f386ffb8fc0>
scenarios = [Scenario(id='amend', description='Modifier le message du dernier commit', tags=['git', 'commit', 'modifier', 'amend']...x='git replace', windows='git replace', macos=''), explanation='Explication pour replace', warning='', error_hints=[])]

    def test_scores_are_between_0_and_1(self, scenarios):
        matcher = SemanticMatcher()
        matcher.fit(scenarios)
>       results = matcher.match("commit")
                  ^^^^^^^^^^^^^^^^^^^^^^^

tests/test_semantic_matches.py:51: 
_ _ _ _ _ _ _ _ _ _ _ _ _ _ _ _ _ _ _ _ _ _ _ _ _ _ _ _ _ _ _ _ _ _ _ _ _ _ _ _ 
everycli/infra/semantic_matcher.py:180: in match
    scores = cosine_similarity(query_embedding, self._embeddings).flatten()
             ^^^^^^^^^^^^^^^^^^^^^^^^^^^^^^^^^^^^^^^^^^^^^^^^^^^^
.env/lib/python3.14/site-packages/sklearn/utils/_param_validation.py:218: in wrapper
    return func(*args, **kwargs)
           ^^^^^^^^^^^^^^^^^^^^^
.env/lib/python3.14/site-packages/sklearn/metrics/pairwise.py:1736: in cosine_similarity
    X, Y = check_pairwise_arrays(X, Y)
           ^^^^^^^^^^^^^^^^^^^^^^^^^^^
_ _ _ _ _ _ _ _ _ _ _ _ _ _ _ _ _ _ _ _ _ _ _ _ _ _ _ _ _ _ _ _ _ _ _ _ _ _ _ _ 

X = array([[1.]], dtype=float32)
Y = array([[3., 0., 0., 3., 0., 0., 0., 0., 1., 1., 1., 2., 1., 0., 0., 1.,
        0., 3., 0., 0., 0., 1., 0., 0., 0., 0.... 0., 1., 2., 0., 1., 0., 0.,
        0., 0., 0., 1., 0., 1., 3., 1., 0., 0., 0., 0., 0., 1., 1.]],
      dtype=float32)

    def check_pairwise_arrays(
        X,
        Y,
        *,
        precomputed=False,
        dtype="infer_float",
        accept_sparse="csr",
        ensure_all_finite=True,
        ensure_2d=True,
        copy=False,
    ):
        """Set X and Y appropriately and checks inputs.
    
        If Y is None, it is set as a pointer to X (i.e. not a copy).
        If Y is given, this does not happen.
        All distance metrics should use this function first to assert that the
        given parameters are correct and safe to use.
    
        Specifically, this function first ensures that both X and Y are arrays,
        then checks that they are at least two dimensional while ensuring that
        their elements are floats (or dtype if provided). Finally, the function
        checks that the size of the second dimension of the two arrays is equal, or
        the equivalent check for a precomputed distance matrix.
    
        Parameters
        ----------
        X : {array-like, sparse matrix} of shape (n_samples_X, n_features)
    
        Y : {array-like, sparse matrix} of shape (n_samples_Y, n_features)
    
        precomputed : bool, default=False
            True if X is to be treated as precomputed distances to the samples in
            Y.
    
        dtype : str, type, list of type or None default="infer_float"
            Data type required for X and Y. If "infer_float", the dtype will be an
            appropriate float type selected by _return_float_dtype. If None, the
            dtype of the input is preserved.
    
            .. versionadded:: 0.18
    
        accept_sparse : str, bool or list/tuple of str, default='csr'
            String[s] representing allowed sparse matrix formats, such as 'csc',
            'csr', etc. If the input is sparse but not in the allowed format,
            it will be converted to the first listed format. True allows the input
            to be any format. False means that a sparse matrix input will
            raise an error.
    
        ensure_all_finite : bool or 'allow-nan', default=True
            Whether to raise an error on np.inf, np.nan, pd.NA in array. The
            possibilities are:
    
            - True: Force all values of array to be finite.
            - False: accepts np.inf, np.nan, pd.NA in array.
            - 'allow-nan': accepts only np.nan and pd.NA values in array. Values
              cannot be infinite.
    
            .. versionadded:: 1.6
               `force_all_finite` was renamed to `ensure_all_finite`.
    
        ensure_2d : bool, default=True
            Whether to raise an error when the input arrays are not 2-dimensional. Setting
            this to `False` is necessary when using a custom metric with certain
            non-numerical inputs (e.g. a list of strings).
    
            .. versionadded:: 1.5
    
        copy : bool, default=False
            Whether a forced copy will be triggered. If copy=False, a copy might
            be triggered by a conversion.
    
            .. versionadded:: 0.22
    
        Returns
        -------
        safe_X : {array-like, sparse matrix} of shape (n_samples_X, n_features)
            An array equal to X, guaranteed to be a numpy array.
    
        safe_Y : {array-like, sparse matrix} of shape (n_samples_Y, n_features)
            An array equal to Y if Y was not None, guaranteed to be a numpy array.
            If Y was None, safe_Y will be a pointer to X.
        """
        xp, _ = get_namespace(X, Y)
        X, Y, dtype_float = _find_floating_dtype_allow_sparse(X, Y, xp=xp)
    
        estimator = "check_pairwise_arrays"
        if dtype == "infer_float":
            dtype = dtype_float
    
        if Y is X or Y is None:
            X = Y = check_array(
                X,
                accept_sparse=accept_sparse,
                dtype=dtype,
                copy=copy,
                ensure_all_finite=ensure_all_finite,
                estimator=estimator,
                ensure_2d=ensure_2d,
            )
        else:
            X = check_array(
                X,
                accept_sparse=accept_sparse,
                dtype=dtype,
                copy=copy,
                ensure_all_finite=ensure_all_finite,
                estimator=estimator,
                ensure_2d=ensure_2d,
            )
            Y = check_array(
                Y,
                accept_sparse=accept_sparse,
                dtype=dtype,
                copy=copy,
                ensure_all_finite=ensure_all_finite,
                estimator=estimator,
                ensure_2d=ensure_2d,
            )
    
        if precomputed:
            if X.shape[1] != Y.shape[0]:
                raise ValueError(
                    "Precomputed metric requires shape "
                    "(n_queries, n_indexed). Got (%d, %d) "
                    "for %d indexed." % (X.shape[0], X.shape[1], Y.shape[0])
                )
        elif ensure_2d and X.shape[1] != Y.shape[1]:
            # Only check the number of features if 2d arrays are enforced. Otherwise,
            # validation is left to the user for custom metrics.
>           raise ValueError(
                "Incompatible dimension for X and Y matrices: "
                "X.shape[1] == %d while Y.shape[1] == %d" % (X.shape[1], Y.shape[1])
            )
E           ValueError: Incompatible dimension for X and Y matrices: X.shape[1] == 1 while Y.shape[1] == 31

.env/lib/python3.14/site-packages/sklearn/metrics/pairwise.py:212: ValueError
________________ TestSemanticMatcher.test_top_k_limits_results _________________

self = <tests.test_semantic_matches.TestSemanticMatcher object at 0x7f386ff5fe30>
scenarios = [Scenario(id='amend', description='Modifier le message du dernier commit', tags=['git', 'commit', 'modifier', 'amend']...x='git replace', windows='git replace', macos=''), explanation='Explication pour replace', warning='', error_hints=[])]

    def test_top_k_limits_results(self, scenarios):
        matcher = SemanticMatcher()
        matcher.fit(scenarios)
>       results = matcher.match("git commit", top_k=2)
                  ^^^^^^^^^^^^^^^^^^^^^^^^^^^^^^^^^^^^

tests/test_semantic_matches.py:58: 
_ _ _ _ _ _ _ _ _ _ _ _ _ _ _ _ _ _ _ _ _ _ _ _ _ _ _ _ _ _ _ _ _ _ _ _ _ _ _ _ 
everycli/infra/semantic_matcher.py:180: in match
    scores = cosine_similarity(query_embedding, self._embeddings).flatten()
             ^^^^^^^^^^^^^^^^^^^^^^^^^^^^^^^^^^^^^^^^^^^^^^^^^^^^
.env/lib/python3.14/site-packages/sklearn/utils/_param_validation.py:218: in wrapper
    return func(*args, **kwargs)
           ^^^^^^^^^^^^^^^^^^^^^
.env/lib/python3.14/site-packages/sklearn/metrics/pairwise.py:1736: in cosine_similarity
    X, Y = check_pairwise_arrays(X, Y)
           ^^^^^^^^^^^^^^^^^^^^^^^^^^^
_ _ _ _ _ _ _ _ _ _ _ _ _ _ _ _ _ _ _ _ _ _ _ _ _ _ _ _ _ _ _ _ _ _ _ _ _ _ _ _ 

X = array([[1., 1.]], dtype=float32)
Y = array([[3., 0., 0., 3., 0., 0., 0., 0., 1., 1., 1., 2., 1., 0., 0., 1.,
        0., 3., 0., 0., 0., 1., 0., 0., 0., 0.... 0., 1., 2., 0., 1., 0., 0.,
        0., 0., 0., 1., 0., 1., 3., 1., 0., 0., 0., 0., 0., 1., 1.]],
      dtype=float32)

    def check_pairwise_arrays(
        X,
        Y,
        *,
        precomputed=False,
        dtype="infer_float",
        accept_sparse="csr",
        ensure_all_finite=True,
        ensure_2d=True,
        copy=False,
    ):
        """Set X and Y appropriately and checks inputs.
    
        If Y is None, it is set as a pointer to X (i.e. not a copy).
        If Y is given, this does not happen.
        All distance metrics should use this function first to assert that the
        given parameters are correct and safe to use.
    
        Specifically, this function first ensures that both X and Y are arrays,
        then checks that they are at least two dimensional while ensuring that
        their elements are floats (or dtype if provided). Finally, the function
        checks that the size of the second dimension of the two arrays is equal, or
        the equivalent check for a precomputed distance matrix.
    
        Parameters
        ----------
        X : {array-like, sparse matrix} of shape (n_samples_X, n_features)
    
        Y : {array-like, sparse matrix} of shape (n_samples_Y, n_features)
    
        precomputed : bool, default=False
            True if X is to be treated as precomputed distances to the samples in
            Y.
    
        dtype : str, type, list of type or None default="infer_float"
            Data type required for X and Y. If "infer_float", the dtype will be an
            appropriate float type selected by _return_float_dtype. If None, the
            dtype of the input is preserved.
    
            .. versionadded:: 0.18
    
        accept_sparse : str, bool or list/tuple of str, default='csr'
            String[s] representing allowed sparse matrix formats, such as 'csc',
            'csr', etc. If the input is sparse but not in the allowed format,
            it will be converted to the first listed format. True allows the input
            to be any format. False means that a sparse matrix input will
            raise an error.
    
        ensure_all_finite : bool or 'allow-nan', default=True
            Whether to raise an error on np.inf, np.nan, pd.NA in array. The
            possibilities are:
    
            - True: Force all values of array to be finite.
            - False: accepts np.inf, np.nan, pd.NA in array.
            - 'allow-nan': accepts only np.nan and pd.NA values in array. Values
              cannot be infinite.
    
            .. versionadded:: 1.6
               `force_all_finite` was renamed to `ensure_all_finite`.
    
        ensure_2d : bool, default=True
            Whether to raise an error when the input arrays are not 2-dimensional. Setting
            this to `False` is necessary when using a custom metric with certain
            non-numerical inputs (e.g. a list of strings).
    
            .. versionadded:: 1.5
    
        copy : bool, default=False
            Whether a forced copy will be triggered. If copy=False, a copy might
            be triggered by a conversion.
    
            .. versionadded:: 0.22
    
        Returns
        -------
        safe_X : {array-like, sparse matrix} of shape (n_samples_X, n_features)
            An array equal to X, guaranteed to be a numpy array.
    
        safe_Y : {array-like, sparse matrix} of shape (n_samples_Y, n_features)
            An array equal to Y if Y was not None, guaranteed to be a numpy array.
            If Y was None, safe_Y will be a pointer to X.
        """
        xp, _ = get_namespace(X, Y)
        X, Y, dtype_float = _find_floating_dtype_allow_sparse(X, Y, xp=xp)
    
        estimator = "check_pairwise_arrays"
        if dtype == "infer_float":
            dtype = dtype_float
    
        if Y is X or Y is None:
            X = Y = check_array(
                X,
                accept_sparse=accept_sparse,
                dtype=dtype,
                copy=copy,
                ensure_all_finite=ensure_all_finite,
                estimator=estimator,
                ensure_2d=ensure_2d,
            )
        else:
            X = check_array(
                X,
                accept_sparse=accept_sparse,
                dtype=dtype,
                copy=copy,
                ensure_all_finite=ensure_all_finite,
                estimator=estimator,
                ensure_2d=ensure_2d,
            )
            Y = check_array(
                Y,
                accept_sparse=accept_sparse,
                dtype=dtype,
                copy=copy,
                ensure_all_finite=ensure_all_finite,
                estimator=estimator,
                ensure_2d=ensure_2d,
            )
    
        if precomputed:
            if X.shape[1] != Y.shape[0]:
                raise ValueError(
                    "Precomputed metric requires shape "
                    "(n_queries, n_indexed). Got (%d, %d) "
                    "for %d indexed." % (X.shape[0], X.shape[1], Y.shape[0])
                )
        elif ensure_2d and X.shape[1] != Y.shape[1]:
            # Only check the number of features if 2d arrays are enforced. Otherwise,
            # validation is left to the user for custom metrics.
>           raise ValueError(
                "Incompatible dimension for X and Y matrices: "
                "X.shape[1] == %d while Y.shape[1] == %d" % (X.shape[1], Y.shape[1])
            )
E           ValueError: Incompatible dimension for X and Y matrices: X.shape[1] == 2 while Y.shape[1] == 31

.env/lib/python3.14/site-packages/sklearn/metrics/pairwise.py:212: ValueError
____________ TestSemanticMatcher.test_semantic_understanding_stash _____________

self = <tests.test_semantic_matches.TestSemanticMatcher object at 0x7f38869a2be0>
scenarios = [Scenario(id='amend', description='Modifier le message du dernier commit', tags=['git', 'commit', 'modifier', 'amend']...x='git replace', windows='git replace', macos=''), explanation='Explication pour replace', warning='', error_hints=[])]

    def test_semantic_understanding_stash(self, scenarios):
        """
        Le vrai test sémantique — TF-IDF raterait ça.
        La requête ne contient pas le mot 'stash'.
        """
        matcher = SemanticMatcher()
        matcher.fit(scenarios)
>       results = matcher.match(
            "je veux sauvegarder mon travail sans faire de commit"
        )

tests/test_semantic_matches.py:68: 
_ _ _ _ _ _ _ _ _ _ _ _ _ _ _ _ _ _ _ _ _ _ _ _ _ _ _ _ _ _ _ _ _ _ _ _ _ _ _ _ 
everycli/infra/semantic_matcher.py:180: in match
    scores = cosine_similarity(query_embedding, self._embeddings).flatten()
             ^^^^^^^^^^^^^^^^^^^^^^^^^^^^^^^^^^^^^^^^^^^^^^^^^^^^
.env/lib/python3.14/site-packages/sklearn/utils/_param_validation.py:218: in wrapper
    return func(*args, **kwargs)
           ^^^^^^^^^^^^^^^^^^^^^
.env/lib/python3.14/site-packages/sklearn/metrics/pairwise.py:1736: in cosine_similarity
    X, Y = check_pairwise_arrays(X, Y)
           ^^^^^^^^^^^^^^^^^^^^^^^^^^^
_ _ _ _ _ _ _ _ _ _ _ _ _ _ _ _ _ _ _ _ _ _ _ _ _ _ _ _ _ _ _ _ _ _ _ _ _ _ _ _ 

X = array([[1., 1., 1., 1., 1., 1., 1., 1., 1.]], dtype=float32)
Y = array([[3., 0., 0., 3., 0., 0., 0., 0., 1., 1., 1., 2., 1., 0., 0., 1.,
        0., 3., 0., 0., 0., 1., 0., 0., 0., 0.... 0., 1., 2., 0., 1., 0., 0.,
        0., 0., 0., 1., 0., 1., 3., 1., 0., 0., 0., 0., 0., 1., 1.]],
      dtype=float32)

    def check_pairwise_arrays(
        X,
        Y,
        *,
        precomputed=False,
        dtype="infer_float",
        accept_sparse="csr",
        ensure_all_finite=True,
        ensure_2d=True,
        copy=False,
    ):
        """Set X and Y appropriately and checks inputs.
    
        If Y is None, it is set as a pointer to X (i.e. not a copy).
        If Y is given, this does not happen.
        All distance metrics should use this function first to assert that the
        given parameters are correct and safe to use.
    
        Specifically, this function first ensures that both X and Y are arrays,
        then checks that they are at least two dimensional while ensuring that
        their elements are floats (or dtype if provided). Finally, the function
        checks that the size of the second dimension of the two arrays is equal, or
        the equivalent check for a precomputed distance matrix.
    
        Parameters
        ----------
        X : {array-like, sparse matrix} of shape (n_samples_X, n_features)
    
        Y : {array-like, sparse matrix} of shape (n_samples_Y, n_features)
    
        precomputed : bool, default=False
            True if X is to be treated as precomputed distances to the samples in
            Y.
    
        dtype : str, type, list of type or None default="infer_float"
            Data type required for X and Y. If "infer_float", the dtype will be an
            appropriate float type selected by _return_float_dtype. If None, the
            dtype of the input is preserved.
    
            .. versionadded:: 0.18
    
        accept_sparse : str, bool or list/tuple of str, default='csr'
            String[s] representing allowed sparse matrix formats, such as 'csc',
            'csr', etc. If the input is sparse but not in the allowed format,
            it will be converted to the first listed format. True allows the input
            to be any format. False means that a sparse matrix input will
            raise an error.
    
        ensure_all_finite : bool or 'allow-nan', default=True
            Whether to raise an error on np.inf, np.nan, pd.NA in array. The
            possibilities are:
    
            - True: Force all values of array to be finite.
            - False: accepts np.inf, np.nan, pd.NA in array.
            - 'allow-nan': accepts only np.nan and pd.NA values in array. Values
              cannot be infinite.
    
            .. versionadded:: 1.6
               `force_all_finite` was renamed to `ensure_all_finite`.
    
        ensure_2d : bool, default=True
            Whether to raise an error when the input arrays are not 2-dimensional. Setting
            this to `False` is necessary when using a custom metric with certain
            non-numerical inputs (e.g. a list of strings).
    
            .. versionadded:: 1.5
    
        copy : bool, default=False
            Whether a forced copy will be triggered. If copy=False, a copy might
            be triggered by a conversion.
    
            .. versionadded:: 0.22
    
        Returns
        -------
        safe_X : {array-like, sparse matrix} of shape (n_samples_X, n_features)
            An array equal to X, guaranteed to be a numpy array.
    
        safe_Y : {array-like, sparse matrix} of shape (n_samples_Y, n_features)
            An array equal to Y if Y was not None, guaranteed to be a numpy array.
            If Y was None, safe_Y will be a pointer to X.
        """
        xp, _ = get_namespace(X, Y)
        X, Y, dtype_float = _find_floating_dtype_allow_sparse(X, Y, xp=xp)
    
        estimator = "check_pairwise_arrays"
        if dtype == "infer_float":
            dtype = dtype_float
    
        if Y is X or Y is None:
            X = Y = check_array(
                X,
                accept_sparse=accept_sparse,
                dtype=dtype,
                copy=copy,
                ensure_all_finite=ensure_all_finite,
                estimator=estimator,
                ensure_2d=ensure_2d,
            )
        else:
            X = check_array(
                X,
                accept_sparse=accept_sparse,
                dtype=dtype,
                copy=copy,
                ensure_all_finite=ensure_all_finite,
                estimator=estimator,
                ensure_2d=ensure_2d,
            )
            Y = check_array(
                Y,
                accept_sparse=accept_sparse,
                dtype=dtype,
                copy=copy,
                ensure_all_finite=ensure_all_finite,
                estimator=estimator,
                ensure_2d=ensure_2d,
            )
    
        if precomputed:
            if X.shape[1] != Y.shape[0]:
                raise ValueError(
                    "Precomputed metric requires shape "
                    "(n_queries, n_indexed). Got (%d, %d) "
                    "for %d indexed." % (X.shape[0], X.shape[1], Y.shape[0])
                )
        elif ensure_2d and X.shape[1] != Y.shape[1]:
            # Only check the number of features if 2d arrays are enforced. Otherwise,
            # validation is left to the user for custom metrics.
>           raise ValueError(
                "Incompatible dimension for X and Y matrices: "
                "X.shape[1] == %d while Y.shape[1] == %d" % (X.shape[1], Y.shape[1])
            )
E           ValueError: Incompatible dimension for X and Y matrices: X.shape[1] == 9 while Y.shape[1] == 31

.env/lib/python3.14/site-packages/sklearn/metrics/pairwise.py:212: ValueError
____________ TestSemanticMatcher.test_semantic_understanding_reset _____________

self = <tests.test_semantic_matches.TestSemanticMatcher object at 0x7f386ffa0f30>
scenarios = [Scenario(id='amend', description='Modifier le message du dernier commit', tags=['git', 'commit', 'modifier', 'amend']...x='git replace', windows='git replace', macos=''), explanation='Explication pour replace', warning='', error_hints=[])]

    def test_semantic_understanding_reset(self, scenarios):
        """
        Requête naturelle sans les mots exacts du scénario.
        """
        matcher = SemanticMatcher()
        matcher.fit(scenarios)
>       results = matcher.match("défaire ce que j'ai commité sans perdre mon code")
                  ^^^^^^^^^^^^^^^^^^^^^^^^^^^^^^^^^^^^^^^^^^^^^^^^^^^^^^^^^^^^^^^^^

tests/test_semantic_matches.py:81: 
_ _ _ _ _ _ _ _ _ _ _ _ _ _ _ _ _ _ _ _ _ _ _ _ _ _ _ _ _ _ _ _ _ _ _ _ _ _ _ _ 
everycli/infra/semantic_matcher.py:180: in match
    scores = cosine_similarity(query_embedding, self._embeddings).flatten()
             ^^^^^^^^^^^^^^^^^^^^^^^^^^^^^^^^^^^^^^^^^^^^^^^^^^^^
.env/lib/python3.14/site-packages/sklearn/utils/_param_validation.py:218: in wrapper
    return func(*args, **kwargs)
           ^^^^^^^^^^^^^^^^^^^^^
.env/lib/python3.14/site-packages/sklearn/metrics/pairwise.py:1736: in cosine_similarity
    X, Y = check_pairwise_arrays(X, Y)
           ^^^^^^^^^^^^^^^^^^^^^^^^^^^
_ _ _ _ _ _ _ _ _ _ _ _ _ _ _ _ _ _ _ _ _ _ _ _ _ _ _ _ _ _ _ _ _ _ _ _ _ _ _ _ 

X = array([[1., 1., 1., 1., 1., 1., 1., 1., 1., 1.]], dtype=float32)
Y = array([[3., 0., 0., 3., 0., 0., 0., 0., 1., 1., 1., 2., 1., 0., 0., 1.,
        0., 3., 0., 0., 0., 1., 0., 0., 0., 0.... 0., 1., 2., 0., 1., 0., 0.,
        0., 0., 0., 1., 0., 1., 3., 1., 0., 0., 0., 0., 0., 1., 1.]],
      dtype=float32)

    def check_pairwise_arrays(
        X,
        Y,
        *,
        precomputed=False,
        dtype="infer_float",
        accept_sparse="csr",
        ensure_all_finite=True,
        ensure_2d=True,
        copy=False,
    ):
        """Set X and Y appropriately and checks inputs.
    
        If Y is None, it is set as a pointer to X (i.e. not a copy).
        If Y is given, this does not happen.
        All distance metrics should use this function first to assert that the
        given parameters are correct and safe to use.
    
        Specifically, this function first ensures that both X and Y are arrays,
        then checks that they are at least two dimensional while ensuring that
        their elements are floats (or dtype if provided). Finally, the function
        checks that the size of the second dimension of the two arrays is equal, or
        the equivalent check for a precomputed distance matrix.
    
        Parameters
        ----------
        X : {array-like, sparse matrix} of shape (n_samples_X, n_features)
    
        Y : {array-like, sparse matrix} of shape (n_samples_Y, n_features)
    
        precomputed : bool, default=False
            True if X is to be treated as precomputed distances to the samples in
            Y.
    
        dtype : str, type, list of type or None default="infer_float"
            Data type required for X and Y. If "infer_float", the dtype will be an
            appropriate float type selected by _return_float_dtype. If None, the
            dtype of the input is preserved.
    
            .. versionadded:: 0.18
    
        accept_sparse : str, bool or list/tuple of str, default='csr'
            String[s] representing allowed sparse matrix formats, such as 'csc',
            'csr', etc. If the input is sparse but not in the allowed format,
            it will be converted to the first listed format. True allows the input
            to be any format. False means that a sparse matrix input will
            raise an error.
    
        ensure_all_finite : bool or 'allow-nan', default=True
            Whether to raise an error on np.inf, np.nan, pd.NA in array. The
            possibilities are:
    
            - True: Force all values of array to be finite.
            - False: accepts np.inf, np.nan, pd.NA in array.
            - 'allow-nan': accepts only np.nan and pd.NA values in array. Values
              cannot be infinite.
    
            .. versionadded:: 1.6
               `force_all_finite` was renamed to `ensure_all_finite`.
    
        ensure_2d : bool, default=True
            Whether to raise an error when the input arrays are not 2-dimensional. Setting
            this to `False` is necessary when using a custom metric with certain
            non-numerical inputs (e.g. a list of strings).
    
            .. versionadded:: 1.5
    
        copy : bool, default=False
            Whether a forced copy will be triggered. If copy=False, a copy might
            be triggered by a conversion.
    
            .. versionadded:: 0.22
    
        Returns
        -------
        safe_X : {array-like, sparse matrix} of shape (n_samples_X, n_features)
            An array equal to X, guaranteed to be a numpy array.
    
        safe_Y : {array-like, sparse matrix} of shape (n_samples_Y, n_features)
            An array equal to Y if Y was not None, guaranteed to be a numpy array.
            If Y was None, safe_Y will be a pointer to X.
        """
        xp, _ = get_namespace(X, Y)
        X, Y, dtype_float = _find_floating_dtype_allow_sparse(X, Y, xp=xp)
    
        estimator = "check_pairwise_arrays"
        if dtype == "infer_float":
            dtype = dtype_float
    
        if Y is X or Y is None:
            X = Y = check_array(
                X,
                accept_sparse=accept_sparse,
                dtype=dtype,
                copy=copy,
                ensure_all_finite=ensure_all_finite,
                estimator=estimator,
                ensure_2d=ensure_2d,
            )
        else:
            X = check_array(
                X,
                accept_sparse=accept_sparse,
                dtype=dtype,
                copy=copy,
                ensure_all_finite=ensure_all_finite,
                estimator=estimator,
                ensure_2d=ensure_2d,
            )
            Y = check_array(
                Y,
                accept_sparse=accept_sparse,
                dtype=dtype,
                copy=copy,
                ensure_all_finite=ensure_all_finite,
                estimator=estimator,
                ensure_2d=ensure_2d,
            )
    
        if precomputed:
            if X.shape[1] != Y.shape[0]:
                raise ValueError(
                    "Precomputed metric requires shape "
                    "(n_queries, n_indexed). Got (%d, %d) "
                    "for %d indexed." % (X.shape[0], X.shape[1], Y.shape[0])
                )
        elif ensure_2d and X.shape[1] != Y.shape[1]:
            # Only check the number of features if 2d arrays are enforced. Otherwise,
            # validation is left to the user for custom metrics.
>           raise ValueError(
                "Incompatible dimension for X and Y matrices: "
                "X.shape[1] == %d while Y.shape[1] == %d" % (X.shape[1], Y.shape[1])
            )
E           ValueError: Incompatible dimension for X and Y matrices: X.shape[1] == 10 while Y.shape[1] == 31

.env/lib/python3.14/site-packages/sklearn/metrics/pairwise.py:212: ValueError
=========================== short test summary info ============================
FAILED tests/test_semantic_matches.py::TestSemanticMatcher::test_scores_are_between_0_and_1
FAILED tests/test_semantic_matches.py::TestSemanticMatcher::test_top_k_limits_results
FAILED tests/test_semantic_matches.py::TestSemanticMatcher::test_semantic_understanding_stash
FAILED tests/test_semantic_matches.py::TestSemanticMatcher::test_semantic_understanding_reset
========================= 4 failed, 3 passed in 1.50s ==========================
